{
  "status": "PASS",
  "scenario": "all_measured_520",
  "validation": "measurement-unit-grouped same-animal five-fold OOF",
  "input_rows": 520,
  "input_cows": 30,
  "measurement_units": 520,
  "analysis_rows": 520,
  "analysis_cows": 30,
  "folds": [
    1,
    2,
    3,
    4,
    5
  ],
  "minimum_records_setting": 7,
  "fold_seed": 20260523,
  "input_sha256": "deb5a59c823c9594324522b4bb61814ec43874a459a5e3614a87760713e5a2d2",
  "metrics": {
    "N": 520,
    "CowCount": 30,
    "R2": 0.8369929173751621,
    "RMSE": 0.30796104357357934,
    "MAE": 0.17242068752960435,
    "Bias": -0.0006860850645052434,
    "ErrorSD": 0.30825682276063027,
    "AbsoluteErrorLE0_5": 0.9173076923076923
  },
  "elapsed_seconds": 210.828,
  "rscript": "Rscript.exe"
}
