
=== run_memory_calibration_oof.R ===
# A tibble: 2 x 9
  Scope  Source     N CowCount    R2  RMSE   MAE    Bias ErrorSD
  <chr>  <chr>  <int>    <int> <dbl> <dbl> <dbl>   <dbl>   <dbl>
1 ALL    ALL      520       30 0.820 0.324 0.201 -0.0136   0.324
2 SOURCE S01      520       30 0.820 0.324 0.201 -0.0136   0.324
# A tibble: 5 x 7
  FoldID Source     N    R2  RMSE   MAE     Bias
   <int> <chr>  <int> <dbl> <dbl> <dbl>    <dbl>
1      1 ALL      117 0.868 0.281 0.188 -0.0659 
2      2 ALL      122 0.782 0.351 0.184  0.0454 
3      3 ALL       90 0.826 0.316 0.218 -0.0319 
4      4 ALL       90 0.800 0.331 0.208 -0.0143 
5      5 ALL      101 0.815 0.337 0.214 -0.00722
# A tibble: 6 x 3
  Check                              Status Detail                              
  <chr>                              <chr>  <chr>                               
1 dataset_scope                      PASS   Analysis rows: N=520; cattle=30.    
2 same_outer_fold_for_two_components PASS   Thermal-memory and individual/sessi~
3 fixed_component_weight             PASS   The component average is fixed at 0~
4 component_fold_separation          PASS   Each component uses outer-training ~
5 training_match_context             INFO   Exact training-feature matches: the~
6 validation_scope                   INFO   Validation protocol: row-level with~
During startup - Warning messages:
1: Setting LC_COLLATE=C.UTF-8 failed 
2: Setting LC_CTYPE=C.UTF-8 failed 
3: Setting LC_MONETARY=C.UTF-8 failed 
4: Setting LC_TIME=C.UTF-8 failed 
memory/calibration average OOF fold 1/5
bounded meta-fusion predictions in fold 1: 1/117 to outer-training response range [37.5, 41.5]
bounded meta-fusion predictions in fold 1: 1/89 to outer-training response range [37.5, 41.5]
bounded meta-fusion predictions in fold 5: 1/67 to outer-training response range [37.5, 41.5]
individual/session calibration OOF fold 1
memory/calibration average OOF fold 2/5
bounded meta-fusion predictions in fold 3: 1/83 to outer-training response range [37.5, 40.6]
individual/session calibration OOF fold 2
memory/calibration average OOF fold 3/5
bounded meta-fusion predictions in fold 3: 1/90 to outer-training response range [37.5, 41.5]
individual/session calibration OOF fold 3
memory/calibration average OOF fold 4/5
bounded meta-fusion predictions in fold 4: 1/90 to outer-training response range [37.5, 41.5]
bounded meta-fusion predictions in fold 3: 1/90 to outer-training response range [37.5, 41.5]
bounded meta-fusion predictions in fold 4: 1/86 to outer-training response range [37.5, 41.2]
individual/session calibration OOF fold 4
memory/calibration average OOF fold 5/5
bounded meta-fusion predictions in fold 3: 2/86 to outer-training response range [37.5, 40.6]
bounded meta-fusion predictions in fold 5: 1/69 to outer-training response range [37.5, 41.5]
individual/session calibration OOF fold 5
There were 50 or more warnings (use warnings() to see the first 50)

returncode=0 elapsed_seconds=122.812

=== run_hierarchical_residual_oof.R ===
# A tibble: 1 x 10
  Dataset       FoldMode Model     N CowCount    R2  RMSE   MAE     Bias ErrorSD
  <chr>         <chr>    <chr> <int>    <int> <dbl> <dbl> <dbl>    <dbl>   <dbl>
1 all_measured~ within_~ Stri~   520       30 0.839 0.306 0.176 -0.00926   0.306
# A tibble: 1 x 9
  Source Model                     N CowCount    R2  RMSE   MAE     Bias ErrorSD
  <chr>  <chr>                 <int>    <int> <dbl> <dbl> <dbl>    <dbl>   <dbl>
1 S01    StrictHierarchicalEB~   520       30 0.839 0.306 0.176 -0.00926   0.306
# A tibble: 5 x 8
  FoldID Model                           Source     N    R2  RMSE   MAE     Bias
   <int> <chr>                           <chr>  <int> <dbl> <dbl> <dbl>    <dbl>
1      1 StrictHierarchicalEBResidualXGB ALL      117 0.900 0.244 0.161 -0.0328 
2      2 StrictHierarchicalEBResidualXGB ALL      122 0.801 0.335 0.173  0.0356 
3      3 StrictHierarchicalEBResidualXGB ALL       90 0.829 0.314 0.190 -0.0421 
4      4 StrictHierarchicalEBResidualXGB ALL       90 0.807 0.325 0.196 -0.0133 
5      5 StrictHierarchicalEBResidualXGB ALL      101 0.845 0.307 0.168 -0.00338
                    FoldID Source SelectionRegime
choice$weights...1       1    S01     stable_cool
choice$weights...2       1    S01      stable_hot
choice$weights...3       2    S01     stable_cool
choice$weights...4       2    S01      stable_hot
choice$weights...5       3    S01     stable_cool
choice$weights...6       3    S01      stable_hot
choice$weights...7       4    S01     stable_cool
choice$weights...8       4    S01      stable_hot
choice$weights...9       5    S01     stable_cool
choice$weights...10      5    S01      stable_hot
                                                   ChosenModel InnerOOF_RMSE
choice$weights...1        may_session_hour+direct_xgb+eb_exact     0.2865699
choice$weights...2        tight_session+may_session+direct_xgb     0.3698537
choice$weights...3   may_session_hour+direct_xgb+tight_session     0.2570335
choice$weights...4        tight_session+may_session+direct_xgb     0.3526531
choice$weights...5        may_session_hour+eb_exact+direct_xgb     0.3169500
choice$weights...6  tight_session+may_session+may_session_hour     0.3013448
choice$weights...7  may_session_hour+may_session+tight_session     0.3168618
choice$weights...8  tight_session+may_session+may_session_hour     0.3005324
choice$weights...9  may_session_hour+may_session+tight_session     0.3141877
choice$weights...10       tight_session+may_session+direct_xgb     0.2943972
                    InnerOOF_N eb_exact eb_medium eb_coarse global_exact
choice$weights...1         226     0.05         0         0            0
choice$weights...2         177     0.00         0         0            0
choice$weights...3         220     0.00         0         0            0
choice$weights...4         178     0.00         0         0            0
choice$weights...5         240     0.15         0         0            0
choice$weights...6         190     0.00         0         0            0
choice$weights...7         239     0.00         0         0            0
choice$weights...8         191     0.00         0         0            0
choice$weights...9         235     0.00         0         0            0
choice$weights...10        184     0.00         0         0            0
                    global_medium global_coarse may_session may_session_hour
choice$weights...1              0             0        0.00             0.85
choice$weights...2              0             0        0.00             0.00
choice$weights...3              0             0        0.00             0.55
choice$weights...4              0             0        0.00             0.00
choice$weights...5              0             0        0.00             0.70
choice$weights...6              0             0        0.15             0.05
choice$weights...7              0             0        0.00             0.70
choice$weights...8              0             0        0.05             0.05
choice$weights...9              0             0        0.00             0.65
choice$weights...10             0             0        0.00             0.00
                    tight_session ridge xgb_residual direct_xgb
choice$weights...1           0.00     0            0       0.10
choice$weights...2           0.70     0            0       0.30
choice$weights...3           0.35     0            0       0.10
choice$weights...4           0.80     0            0       0.20
choice$weights...5           0.00     0            0       0.15
choice$weights...6           0.80     0            0       0.00
choice$weights...7           0.30     0            0       0.00
choice$weights...8           0.90     0            0       0.00
choice$weights...9           0.35     0            0       0.00
choice$weights...10          0.90     0            0       0.10
                          Check Status
1                 dataset_scope   PASS
2      row_level_within_cow_oof   PASS
3 no_test_reference_in_features   PASS
4           inner_oof_selection   PASS
5          algorithm_difference   PASS
6                output_metrics   PASS
                                                                                                                                        Detail
1                                                                  Analysis rows after numeric and minimum-record filtering: N=520; cattle=30.
2                                                                              Each outer-fold prediction is fitted from the other four folds.
3 Reference-temperature group statistics and residual targets are recomputed within each split; held-out references are used only for scoring.
4                Observable thermal-regime model and weight choices are selected by five-fold inner OOF evaluation within outer-training rows.
5         Hierarchical empirical-Bayes cells, residual XGBoost, and ridge candidates are evaluated independently of the thermal-memory branch.
6                                                                                                    R2=0.839425; RMSE=0.305655; MAE=0.176391.
During startup - Warning messages:
1: Setting LC_COLLATE=C.UTF-8 failed 
2: Setting LC_CTYPE=C.UTF-8 failed 
3: Setting LC_MONETARY=C.UTF-8 failed 
4: Setting LC_TIME=C.UTF-8 failed 
hierarchical residual outer fold 1/5
hierarchical residual outer fold 2/5
hierarchical residual outer fold 3/5
hierarchical residual outer fold 4/5
hierarchical residual outer fold 5/5
Warning message:
Use of .data in tidyselect expressions was deprecated in tidyselect 1.2.0.
i Please use `all_of(var)` (or `any_of(var)`) instead of `.data[[var]]` 

returncode=0 elapsed_seconds=87.469
