{
  "status": "PASS",
  "scenario": "all_measured_520",
  "validation": "measurement-unit-grouped same-animal five-fold OOF",
  "input_rows": 520,
  "input_cows": 30,
  "measurement_units": 520,
  "analysis_rows": 520,
  "analysis_cows": 30,
  "folds": [
    1,
    2,
    3,
    4,
    5
  ],
  "minimum_records_setting": 7,
  "fold_seed": 20260903,
  "input_sha256": "deb5a59c823c9594324522b4bb61814ec43874a459a5e3614a87760713e5a2d2",
  "metrics": {
    "N": 520,
    "CowCount": 30,
    "R2": 0.8436658203054355,
    "RMSE": 0.30159178994323727,
    "MAE": 0.16917872043754187,
    "Bias": -0.0007988982523182578,
    "ErrorSD": 0.30188114184109827,
    "AbsoluteErrorLE0_5": 0.925
  },
  "elapsed_seconds": 212.266,
  "rscript": "Rscript.exe"
}
