[model 1/26] MeanTrain
[model 2/26] EarOnlyLinear
[model 3/26] MultipleLinear
[model 4/26] Ridge
[model 5/26] Lasso
[model 6/26] ElasticNet
[model 7/26] BayesianRidge
[model 8/26] HuberRegressor
[model 9/26] PolynomialRidge
[model 10/26] SplineRidge_GAMLike
[model 11/26] SGD_Huber
[model 12/26] KNN_k5
[model 13/26] SVR_RBF
[model 14/26] LinearSVR
[model 15/26] KernelRidge_RBF
[model 16/26] DecisionTree
[model 17/26] RandomForest
[model 18/26] ExtraTrees
[model 19/26] BaggedTree
[model 20/26] AdaBoostTree
[model 21/26] GradientBoosting
[model 22/26] HistGradientBoosting
[model 23/26] MLP
[model 24/26] GaussianProcess_RBF
[model 25/26] XGBoost
[model 26/26] LightGBM
[evolution model 1/6] GA_SVR_RBF
[evolution] GA_SVR_RBF fold 1: inner_rmse=0.4194 evals=32 params={"C": 8.792062, "epsilon": 0.139, "gamma": 0.03040195}
[evolution] GA_SVR_RBF fold 2: inner_rmse=0.3559 evals=32 params={"C": 8.579741, "epsilon": 0.1053, "gamma": 0.028668}
[evolution] GA_SVR_RBF fold 3: inner_rmse=0.4135 evals=32 params={"C": 5.972403, "epsilon": 0.1955, "gamma": 0.02715898}
[evolution] GA_SVR_RBF fold 4: inner_rmse=0.3873 evals=32 params={"C": 19.795431, "epsilon": 0.01, "gamma": 0.01182809}
[evolution] GA_SVR_RBF fold 5: inner_rmse=0.3649 evals=32 params={"C": 38.738124, "epsilon": 0.1433, "gamma": 0.0143692}
[evolution model 2/6] PSO_RandomForest
[evolution] PSO_RandomForest fold 1: inner_rmse=0.4605 evals=24 params={"max_depth": 13, "max_features": 0.35, "min_samples_leaf": 1, "n_estimators": 60}
[evolution] PSO_RandomForest fold 2: inner_rmse=0.4005 evals=34 params={"max_depth": 16, "max_features": 0.794, "min_samples_leaf": 1, "n_estimators": 60}
[evolution] PSO_RandomForest fold 3: inner_rmse=0.4406 evals=36 params={"max_depth": 16, "max_features": 0.567, "min_samples_leaf": 1, "n_estimators": 80}
[evolution] PSO_RandomForest fold 4: inner_rmse=0.4578 evals=36 params={"max_depth": 16, "max_features": 0.587, "min_samples_leaf": 1, "n_estimators": 130}
[evolution] PSO_RandomForest fold 5: inner_rmse=0.4054 evals=36 params={"max_depth": 15, "max_features": 0.894, "min_samples_leaf": 1, "n_estimators": 210}
[evolution model 3/6] DE_GradientBoosting
[evolution] DE_GradientBoosting fold 1: inner_rmse=0.4465 evals=60 params={"learning_rate": 0.183819, "max_depth": 2, "min_samples_leaf": 2, "n_estimators": 170, "subsample": 0.994}
[evolution] DE_GradientBoosting fold 2: inner_rmse=0.3856 evals=60 params={"learning_rate": 0.190339, "max_depth": 3, "min_samples_leaf": 3, "n_estimators": 80, "subsample": 0.968}
[evolution] DE_GradientBoosting fold 3: inner_rmse=0.4257 evals=60 params={"learning_rate": 0.089206, "max_depth": 2, "min_samples_leaf": 2, "n_estimators": 190, "subsample": 0.982}
[evolution] DE_GradientBoosting fold 4: inner_rmse=0.4266 evals=60 params={"learning_rate": 0.081939, "max_depth": 3, "min_samples_leaf": 3, "n_estimators": 230, "subsample": 0.689}
[evolution] DE_GradientBoosting fold 5: inner_rmse=0.3778 evals=60 params={"learning_rate": 0.164517, "max_depth": 3, "min_samples_leaf": 4, "n_estimators": 150, "subsample": 0.828}
[evolution model 4/6] SA_KNN
[evolution] SA_KNN fold 1: inner_rmse=0.4884 evals=21 params={"n_neighbors": 8, "p": 1, "weights": "distance"}
[evolution] SA_KNN fold 2: inner_rmse=0.4129 evals=18 params={"n_neighbors": 4, "p": 1, "weights": "distance"}
[evolution] SA_KNN fold 3: inner_rmse=0.4768 evals=23 params={"n_neighbors": 5, "p": 1, "weights": "uniform"}
[evolution] SA_KNN fold 4: inner_rmse=0.5361 evals=19 params={"n_neighbors": 4, "p": 1, "weights": "uniform"}
[evolution] SA_KNN fold 5: inner_rmse=0.4524 evals=19 params={"n_neighbors": 6, "p": 1, "weights": "distance"}
[evolution model 5/6] GWO_ExtraTrees
[evolution] GWO_ExtraTrees fold 1: inner_rmse=0.4445 evals=31 params={"max_depth": 15, "max_features": 0.465, "min_samples_leaf": 3, "n_estimators": 90}
[evolution] GWO_ExtraTrees fold 2: inner_rmse=0.3871 evals=31 params={"max_depth": 13, "max_features": 0.762, "min_samples_leaf": 3, "n_estimators": 130}
[evolution] GWO_ExtraTrees fold 3: inner_rmse=0.4189 evals=31 params={"max_depth": 15, "max_features": 0.493, "min_samples_leaf": 2, "n_estimators": 110}
[evolution] GWO_ExtraTrees fold 4: inner_rmse=0.4374 evals=31 params={"max_depth": 15, "max_features": 0.767, "min_samples_leaf": 2, "n_estimators": 140}
[evolution] GWO_ExtraTrees fold 5: inner_rmse=0.3757 evals=31 params={"max_depth": 13, "max_features": 0.556, "min_samples_leaf": 1, "n_estimators": 170}
[evolution model 6/6] DE_XGBoost
[evolution] DE_XGBoost fold 1: inner_rmse=0.4499 evals=54 params={"colsample_bytree": 0.756, "learning_rate": 0.106839, "max_depth": 5, "n_estimators": 80, "reg_lambda": 0.437, "subsample": 0.83}
[evolution] DE_XGBoost fold 2: inner_rmse=0.3858 evals=54 params={"colsample_bytree": 0.563, "learning_rate": 0.095033, "max_depth": 5, "n_estimators": 130, "reg_lambda": 2.564, "subsample": 0.802}
[evolution] DE_XGBoost fold 3: inner_rmse=0.4209 evals=54 params={"colsample_bytree": 0.62, "learning_rate": 0.100736, "max_depth": 4, "n_estimators": 210, "reg_lambda": 1.909, "subsample": 0.965}
[evolution] DE_XGBoost fold 4: inner_rmse=0.4270 evals=54 params={"colsample_bytree": 0.621, "learning_rate": 0.053132, "max_depth": 5, "n_estimators": 170, "reg_lambda": 0.563, "subsample": 0.865}
[evolution] DE_XGBoost fold 5: inner_rmse=0.3782 evals=54 params={"colsample_bytree": 0.577, "learning_rate": 0.109912, "max_depth": 4, "n_estimators": 140, "reg_lambda": 1.924, "subsample": 0.994}
Wrote outputs/analysis/benchmark33\seeds\20260903\tables\14_full_model_benchmark_summary.csv
Wrote outputs/analysis/benchmark33\seeds\20260903\tables\14_full_model_benchmark_fold_metrics.csv
Wrote outputs/analysis/benchmark33\seeds\20260903\tables\14_full_model_benchmark_predictions.csv
Wrote outputs/analysis/benchmark33\seeds\20260903\tables\14_full_model_benchmark_model_inventory.csv
Wrote outputs/analysis/benchmark33\seeds\20260903\tables\14_evolutionary_search_choices.csv
Wrote outputs/analysis/benchmark33\seeds\20260903\tables\15_model_metrics_by_data_class.csv
Wrote outputs/analysis/benchmark33\seeds\20260903\benchmark_reproduction_report.md
Wrote outputs/analysis/benchmark33\seeds\20260903\benchmark_verification.json
Wrote outputs/analysis/benchmark33\seeds\20260903\runtime_environment.json
              Model            BenchmarkGroup       R2     RMSE      MAE
            TH-SHRC  proposed_model_reference 0.843666 0.301592 0.169179
         GA_SVR_RBF evolutionary_optimized_ml 0.751266 0.380417 0.239236
         DE_XGBoost evolutionary_optimized_ml 0.742169 0.387311 0.255803
     GWO_ExtraTrees evolutionary_optimized_ml 0.740135 0.388836 0.239993
DE_GradientBoosting evolutionary_optimized_ml 0.739915 0.389001 0.265760
    PolynomialRidge           linear_baseline 0.733661 0.393650 0.260544
SplineRidge_GAMLike           linear_baseline 0.727939 0.397856 0.272490
         ExtraTrees           conventional_ml 0.725293 0.399786 0.243244
     MultipleLinear           linear_baseline 0.720411 0.403322 0.264577
         ElasticNet           linear_baseline 0.719605 0.403903 0.266445
              Ridge           linear_baseline 0.719358 0.404081 0.267644
      BayesianRidge           linear_baseline 0.719027 0.404320 0.267844
              Lasso           linear_baseline 0.718574 0.404646 0.267676
           LightGBM           conventional_ml 0.717424 0.405471 0.273153
            SVR_RBF           conventional_ml 0.710956 0.410086 0.257897
BENCHMARK_STATUS=PASS
