{
  "status": "PASS",
  "scenario": "all_measured_520",
  "validation": "measurement-unit-grouped same-animal five-fold OOF",
  "input_rows": 520,
  "input_cows": 30,
  "measurement_units": 520,
  "analysis_rows": 520,
  "analysis_cows": 30,
  "folds": [
    1,
    2,
    3,
    4,
    5
  ],
  "minimum_records_setting": 7,
  "fold_seed": 20260607,
  "input_sha256": "deb5a59c823c9594324522b4bb61814ec43874a459a5e3614a87760713e5a2d2",
  "metrics": {
    "N": 520,
    "CowCount": 30,
    "R2": 0.8403535121092023,
    "RMSE": 0.3047700102344971,
    "MAE": 0.1690268601623963,
    "Bias": -0.0008945443135431766,
    "ErrorSD": 0.3050621675894483,
    "AbsoluteErrorLE0_5": 0.9115384615384615
  },
  "elapsed_seconds": 212.172,
  "rscript": "Rscript.exe"
}
